
> site-signin@0.1.0 build
> next build

  ▲ Next.js 14.2.35
  - Environments: .env.local

   Creating an optimized production build ...
Failed to compile.

./app/(app)/site-plan/[projectId]/page.tsx
Module not found: Can't resolve 'lucide-react'

https://nextjs.org/docs/messages/module-not-found

./app/(app)/site-plan/[projectId]/page.tsx
Module not found: Can't resolve '@hello-pangea/dnd'

https://nextjs.org/docs/messages/module-not-found

./app/(app)/site-plan/components/AddTaskFAB.tsx
Module not found: Can't resolve 'lucide-react'

https://nextjs.org/docs/messages/module-not-found

Import trace for requested module:
./app/(app)/site-plan/[projectId]/page.tsx

./app/(app)/site-plan/components/BaselineDialog.tsx
Module not found: Can't resolve 'lucide-react'

https://nextjs.org/docs/messages/module-not-found

Import trace for requested module:
./app/(app)/site-plan/[projectId]/page.tsx

./app/(app)/site-plan/components/DelayLogDialog.tsx
Module not found: Can't resolve 'lucide-react'

https://nextjs.org/docs/messages/module-not-found

Import trace for requested module:
./app/(app)/site-plan/[projectId]/page.tsx


> Build failed because of webpack errors
